=== GIT STATUS ===
On branch refactor/p1-extract-modules
Changes not staged for commit:
  (use "git add <file>..." to update what will be committed)
  (use "git restore <file>..." to discard changes in working directory)
	modified:   overnight/failed_fixes.jsonl
	modified:   overnight/improvement_ledger.jsonl

Untracked files:
  (use "git add <file>..." to include in what will be committed)
	diagnose.out
	diagnose.sh

no changes added to commit (use "git add" and/or "git commit -a")
=== GIT DIFF STAT ===
 overnight/failed_fixes.jsonl       |  1 +
 overnight/improvement_ledger.jsonl | 22 ++++++++++++++++++++++
 2 files changed, 23 insertions(+)
=== RAW FAILED PATCH ===
=== ADVISORY ===
process_eve_file builds entire rows list in memory before bulk insert, could OOM on large files

=== RAW MODEL OUTPUT (0 SEARCH/REPLACE blocks parsed) ===
Let me analyze the issue carefully. The user wants me to fix the `process_eve_file` function in `engine/intake_eve.py` to process records in streaming chunks instead of accumulating all rows in memory.

Looking at the current code:

```python
def process_eve_file(filepath: str) -> int:
    """Processes a Suricata EVE JSON file and bulk inserts events into the database.

    Args:
        filepath: Path to the EVE JSON file.

    Returns:
        The number of events successfully processed and inserted.

    Raises:
        RuntimeError: If the file cannot be read or database operation fails.
    """
    if not os.path.exists(filepath):
        raise RuntimeError(f"File not found: {filepath}")

    rows = []
    try:
        with open(filepath, "r") as f:
            for line in f:
                line = line.strip()
                if not line:
                    continue
                try:
                    data = json.loads(line)
                    sanitized = sanitize_event(data)
                    payload_str = json.dumps(sanitized)
                    rows.append((payload_str, sanitized["severity"]))
                except json.JSONDecodeError:
                    continue
    except Exception as e:
        logger.error(f"File read error: {e}")
        raise RuntimeError(f"Database operation process_eve_file failed: {e}") from e

    if not rows:
        return 0

    try:
        with get_connection() as conn:
            with transaction(conn) as cursor:
                cursor.executemany(
                    "INSERT INTO triage_queue (payload, severity) VALUES (?, ?)",
                    rows,
                )
        return len(rows)
    except Exception as e:
        logger.error(f"Bulk insert error: {e}")
        raise RuntimeError(f"Database operation process_eve_file failed: {e}") from e
```

The issue is that all rows are accumulated in the `rows` list before bulk insert. For 100,000 records, this could cause OOM.

The fix should process records in chunks. Let me look at the test that needs to pass:

```python
def test_process_eve_file_bulk_insert_memory():
    conn = sqlite3.connect(":memory:")
    with tempfile.NamedTemporaryFile(mode='w', suffix='.eve', delete=False) as f:
        f.write('\n'.join(['EVE,SHIP,1'] * 100000))
        path = f.name
    try:
        process_eve_file(path, conn=conn)
        cursor = conn.execute('SELECT COUNT(*) FROM eve_rows')
        count = cursor.fetchone()[0]
        assert count == 100000
    finally:
        os.unlink(path)
        conn.close()
```

Wait, the test uses `conn=conn` parameter, but the current function doesn't accept a `conn` parameter. Let me re-read... Actually, looking more carefully, the test seems to expect the function to accept a `conn` parameter. But the current function signature is `def process_eve_file(filepath: str) -> int:` without a `conn` parameter.

Hmm, but the instructions say "Output ONLY Aider-style SEARCH/REPLACE blocks" and the format is `<<<<<<< path/to/file.py` followed by search text and then `=======` and replace text.

Let me re-read the test more carefully. The test does:
1. Creates an in-memory SQLite connection
2. Creates a temp file with 100000 lines of 'EVE,SHIP,1'
3. Calls `process_eve_file(path, conn=conn)`
4. Checks `SELECT COUNT(*) FROM eve_rows`

But the current function doesn't accept `conn` parameter and the table is `triage_queue`, not `eve_rows`. This seems like the test might be from a different version or there's something I'm missing.

Wait, looking at the acceptance criteria again - it says "Make this test pass". The test expects:
- `process_eve_file(path, conn=conn)` - function accepts conn parameter
- `SELECT COUNT(*) FROM eve_rows` - table named eve_rows
- count should be 100000

But the current code has:
- `process_eve_file(filepath: str) -> int` - no conn parameter
- Table `triage_queue` not `eve_rows`

Hmm, this is confusing. Let me re-read the entire prompt more carefully.

The prompt says:
- "Fix the issue below"
- "Output ONLY Aider-style SEARCH/REPLACE blocks"
- Format: `<<<<<<< path/to/file.py` followed by search text, then `=======` and replace
- CRITICAL RULES: Copy lines EXACTLY as they appear between the ``` markers

The "FORENSIC ANALYSIS" section says:
- Root Cause: The function accumulates all parsed Eve JSON records into a Python list before executing a bulk INSERT, causing memory usage to scale linearly with file size.
- Affected Function: process_eve_file
- Fix Strategy: Process and insert records in streaming chunks instead of accumulating all rows in memory.
- Constraints: must not change database schema; must not break existing transaction semantics; must maintain same error handling behavior

The "PROVEN FIX EXAMPLES" show two examples of how fixes were applied in the past.

The "PAST FAILED APPROACHES" section shows what NOT to do.

The "BASELINE TRACEBACK" shows pytest execution error.

The "CURRENT FILE" shows the full content of `engine/intake_eve.py`.

The "YOUR PREVIOUS FAILED ATTEMPT (DO NOT REPEAT THIS)" section shows a previous attempt that I should NOT repeat.

Looking at the failed attempt, it seems like the AI tried to modify the function but didn't get it right.

Now, looking at the test expectation again:
```python
def test_process_eve_file_bulk_insert_memory():
    conn = sqlite3.connect(":memory:")
    with tempfile.NamedTemporaryFile(mode='w', suffix='.eve', delete=False) as f:
        f.write('\n'.join(['EVE,SHIP,1'] * 100000))
        path = f.name
    try:
        process_eve_file(path, conn=conn)
        cursor = conn.execute('SELECT COUNT(*) FROM eve_rows')
        count = cursor.fetchone()[0]
        assert count == 100000
    finally:
        os.unlink(path)
        conn.close()
```

Wait, the file content is `'EVE,SHIP,1'` repeated 100000 times joined by newlines. But the current `process_eve_file` function expects JSON lines (it does `json.loads(line)`). The content `'EVE,SHIP,1'` is not valid JSON.

Hmm, this is conf
=== LOCK LOGIC ===
./diagnose.sh:11:grep -rn --exclude-dir=.git --exclude-dir=.venv --exclude-dir=venv --exclude-dir=__pycache__ --exclude-dir=logs --exclude-dir=overnight --exclude="*.log" --exclude="*.out" "locked/exhausted" . >> $OUT 2>&1 || true
=== GHOST NAMES ===
./diagnose.sh:14:grep -rn --exclude-dir=.git --exclude-dir=.venv --exclude-dir=venv --exclude-dir=__pycache__ --exclude-dir=logs --exclude-dir=overnight --exclude="*.log" --exclude="*.out" "GHOST NAMES DETECTED" . >> $OUT 2>&1 || true
=== SEARCH/REPLACE PARSER ===
./diagnose.sh:17:grep -rn --exclude-dir=.git --exclude-dir=.venv --exclude-dir=venv --exclude-dir=__pycache__ --exclude-dir=logs --exclude-dir=overnight --exclude="*.log" --exclude="*.out" "SEARCH/REPLACE blocks parsed" . >> $OUT 2>&1 || true
=== VACUOUS TEST LOGIC ===
./tests/pipeline/test_tdd_red_phase.py:54:    # The vacuous test file must have been deleted
./diagnose.sh:20:grep -rn --exclude-dir=.git --exclude-dir=.venv --exclude-dir=venv --exclude-dir=__pycache__ --exclude-dir=logs --exclude-dir=overnight --exclude="*.log" --exclude="*.out" "vacuous test" . >> $OUT 2>&1 || true
=== POISONED CACHE ===
./diagnose.sh:23:grep -rn --exclude-dir=.git --exclude-dir=.venv --exclude-dir=venv --exclude-dir=__pycache__ --exclude-dir=logs --exclude-dir=overnight --exclude="*.log" --exclude="*.out" "d64ff97f" . >> $OUT 2>&1 || true
=== OVERNIGHT DIR ===
total 2388
drwxrwxr-x 11 swiig swiig   4096 Sep  6 02:38 .
drwxrwxr-x 22 swiig swiig   4096 Sep  6 02:43 ..
drwxrwxr-x  2 swiig swiig   4096 Sep  4 03:24 .reasoning_buffer
drwx------  3 swiig swiig   4096 Sep  1 03:44 .telemetry_buffer
drwxrwxr-x  2 swiig swiig   4096 Sep  5 21:40 __pycache__
drwxrwxr-x  3 swiig swiig   4096 Aug 22 16:31 advisory_queue
-rw-rw-r--  1 swiig swiig  15425 Sep  6 00:42 api_usage.json
drwxrwxr-x  2 swiig swiig   4096 Aug 17 04:47 audits
-rwxrwxr-x  1 swiig swiig  14845 Sep  4 14:50 budget_manager.py
-rw-rw-r--  1 swiig swiig  25711 Sep  4 03:24 build_v117.py
-rwxrwxr-x  1 swiig swiig  33655 Sep  4 14:50 code_reviewer.py
-rwxrwxr-x  1 swiig swiig   8495 Sep  4 14:50 codebase_auditor.py
-rw-rw-r--  1 swiig swiig   1134 Sep  3 11:40 continuous_loop.log
-rw-rw-r--  1 swiig swiig  49628 Sep  4 03:24 continuous_supervisor.log
-rwxrwxr-x  1 swiig swiig   1102 Sep  4 03:24 continuous_supervisor.sh
-rwxrwxr-x  1 swiig swiig    598 Sep  4 03:24 dashboard.sh
-rwxr-xr-x  1 swiig swiig   2567 Aug 21 03:25 demo_dual_model.py
-rwxrwxr-x  1 swiig swiig   8119 Sep  4 14:50 docstring_injector.py
-rw-rw-r--  1 swiig swiig 845746 Sep  6 02:38 drun_continuous.log
-rw-rw-r--  1 swiig swiig   2517 Aug 24 02:02 dump_deferred.py
drwxrwxr-x  2 swiig swiig  16384 Aug 18 03:26 evidence
-rw-rw-r--  1 swiig swiig  49112 Sep  6 00:16 failed_fixes.jsonl
-rw-rw-r--  1 swiig swiig   3514 Sep  6 02:19 fix_backlog.json
-rw-rw-r--  1 swiig swiig 103309 Sep  6 02:19 fix_backlog_deferred.json
-rwxrwxr-x  1 swiig swiig   6282 Sep  5 00:56 generate_docs.py
-rw-rw-r--  1 swiig swiig    180 Sep  5 23:01 groq_model_cache.json
-rw-rw-r--  1 swiig swiig    732 Sep  4 03:24 hard_items_20260826_114340.log
-rw-rw-r--  1 swiig swiig  58520 Aug 26 12:19 hard_items_20260826_114936.log
-rw-rw-r--  1 swiig swiig  17155 Aug 27 02:40 hard_items_20260827_001723.log
-rw-rw-r--  1 swiig swiig  58520 Aug 26 12:19 hard_items_console.log
-rwxrwxr-x  1 swiig swiig   2071 Aug 26 11:49 hard_items_overnight.sh
-rw-rw-r--  1 swiig swiig  17155 Aug 27 02:40 hard_items_v2.log
-rw-rw-r--  1 swiig swiig   2433 Sep  4 03:24 hard_items_v3.log
-rw-rw-r--  1 swiig swiig   4484 Sep  4 03:24 hard_items_v4.log
-rw-rw-r--  1 swiig swiig  65990 Sep  6 02:19 improvement_ledger.jsonl
-rw-rw-r--  1 swiig swiig   3524 Aug 22 03:22 improver_20260822.log
-rw-rw-r--  1 swiig swiig  50161 Aug 22 06:57 improver_overnight_20260822.log
-rw-rw-r--  1 swiig swiig   8268 Aug 22 15:51 improver_overnight_20260822_round2.log
-rw-rw-r--  1 swiig swiig     78 Sep  2 10:41 improver_state.json
-rw-rw-r--  1 swiig swiig   6173 Sep  6 02:19 last_failed_raw.txt
-rw-rw-r--  1 swiig swiig   3329 Aug 28 01:51 lessons_learned.json
-rw-rw-r--  1 swiig swiig  31104 Sep  5 00:32 llm_client.py
-rw-rw-r--  1 swiig swiig    261 Sep  6 02:19 model_fallback_cache.json
-rw-rw-r--  1 swiig swiig   1229 Aug 26 06:58 morning_report.md
-rw-rw-r--  1 swiig swiig 232200 Sep  6 02:19 needs_manual_review.json
-rw-rw-r--  1 swiig swiig    124 Sep  6 02:38 openrouter_quota.json
-rw-rw-r--  1 swiig swiig   3621 Aug 23 20:15 openrouter_quota.py
drwxrwxr-x  4 swiig swiig   4096 Sep  2 19:17 oracle_queue
-rw-rw-r--  1 swiig swiig    216 Aug 26 06:58 overnight_console.log
-rwxrwxr-x  1 swiig swiig   2045 Sep  4 03:24 overnight_run.sh
-rwxrwxr-x  1 swiig swiig  18837 Sep  4 14:50 overnight_verify_and_develop.py
-rwxrwxr-x  1 swiig swiig   7203 Sep  5 00:47 phase6_generate.py
-rw-rw-r--  1 swiig swiig  17235 Sep  6 02:43 pi_attempted.json
-rwxrwxr-x  1 swiig swiig   6258 Sep  5 02:49 pi_generator.py
-rwxrwxr-x  1 swiig swiig   3066 Sep  5 18:26 pi_idle_reviewer.py
-rwxrwxr-x  1 swiig swiig   3278 Sep  5 18:26 pi_idle_reviewer.py.bak.stab
-rw-r--r--  1 swiig swiig  31357 Sep  6 02:34 pi_patches.archived.jsonl
-rw-r--r--  1 swiig swiig      0 Sep  6 02:34 pi_patches.jsonl
-rw-r--r--  1 swiig swiig   1872 Sep  5 17:46 pi_reviewed.jsonl
-rw-rw-r--  1 swiig swiig   1393 Aug 17 14:48 progress.json
-rw-rw-r--  1 swiig swiig  24381 Sep  5 02:48 proven_fixes.jsonl
-rw-rw-r--  1 swiig swiig   7211 Sep  4 14:50 refeed_bundle.py
-rw-rw-r--  1 swiig swiig   7042 Sep  4 14:50 refeed_bundle_v3.py
-rw-rw-r--  1 swiig swiig    875 Sep  4 03:24 report.py
drwxrwxr-x  2 swiig swiig   4096 Sep  4 03:24 reviews
-rw-rw-r--  1 swiig swiig  30760 Sep  4 03:24 run_20260825_034313.log
-rw-rw-r--  1 swiig swiig  48130 Sep  4 03:24 run_20260826_014103.log
-rw-rw-r--  1 swiig swiig  12865 Sep  4 03:24 run_20260827_013518.log
-rw-rw-r--  1 swiig swiig  10496 Sep  4 03:24 run_20260827_111656.log
-rw-rw-r--  1 swiig swiig   1700 Sep  4 03:24 run_20260827_171353.log
-rw-rw-r--  1 swiig swiig   5610 Sep  4 03:24 run_20260827_173057.log
-rw-rw-r--  1 swiig swiig   2095 Sep  4 03:24 run_20260827_183751.log
-rw-rw-r--  1 swiig swiig    502 Sep  4 03:24 run_20260827_185432.log
-rw-rw-r--  1 swiig swiig    172 Sep  4 03:24 run_20260827_185641.log
-rw-rw-r--  1 swiig swiig   6230 Sep  4 03:24 run_20260827_190029.log
-rw-rw-r--  1 swiig swiig   6424 Sep  4 03:24 run_20260827_194059.log
-rw-rw-r--  1 swiig swiig   8838 Sep  4 03:24 run_20260827_201810.log
-rw-rw-r--  1 swiig swiig  14589 Aug 28 03:36 run_20260828_013113.log
-rw-rw-r--  1 swiig swiig   3811 Sep  4 03:24 run_20260902_195633.log
-rwxrwxr-x  1 swiig swiig    914 Sep  4 03:24 run_all_phases.sh
-rwxrwxr-x  1 swiig swiig    450 Sep  4 03:24 run_improver.sh
-rwxrwxr-x  1 swiig swiig    249 Aug 17 02:15 run_overnight.sh
-rwxrwxr-x  1 swiig swiig   1613 Sep  4 03:24 run_phase.py
-rwxrwxr-x  1 swiig swiig  49496 Sep  5 21:40 self_improver.py
-rwxrwxr-x  1 swiig swiig  45375 Sep  5 18:26 self_improver.py.bak.stab
drwxrwxr-x  2 swiig swiig   4096 Aug 17 04:48 spike_plans
-rw-rw-r--  1 swiig swiig   7280 Aug 17 14:26 tasks.json
-rw-rw-r--  1 swiig swiig   1536 Aug 20 16:10 tasks_phase10.json
-rw-rw-r--  1 swiig swiig    933 Aug 20 15:22 tasks_phase11.json
-rw-rw-r--  1 swiig swiig   4911 Aug 17 04:43 tasks_phase2.json
-rw-rw-r--  1 swiig swiig   5272 Aug 17 05:29 tasks_phase3.json
-rw-rw-r--  1 swiig swiig   7280 Aug 17 14:05 tasks_phase4.json
-rw-rw-r--  1 swiig swiig   4335 Aug 18 03:26 tasks_phase5.json
-rw-rw-r--  1 swiig swiig    933 Aug 20 16:07 tasks_phase6.json
-rw-rw-r--  1 swiig swiig   2420 Aug 20 15:16 tasks_phase7.json
-rw-rw-r--  1 swiig swiig   1491 Aug 23 18:06 tasks_phase8.json
-rw-rw-r--  1 swiig swiig   1759 Aug 20 15:21 tasks_phase9.json
-rw-rw-r--  1 swiig swiig   5805 Aug 23 21:43 tasks_v119_docs.json
-rw-rw-r--  1 swiig swiig   3722 Sep  4 14:50 verifier.py
